// Jest Snapshot v1, https://goo.gl/fbAQLP

exports[`HEADING COMPONENT renders correctly 1`] = `null`;
