// Vitest Snapshot v1, https://vitest.dev/guide/snapshot.html

exports[`LOADING COMPONENT > renders correctly 1`] = `
<DocumentFragment>
  <div>
    <p>
      Loading...
    </p>
  </div>
</DocumentFragment>
`;
