// Jest Snapshot v1, https://goo.gl/fbAQLP

exports[`GALLERY COMPONENT renders correctly 1`] = `
<div
  className="container"
  style={
    {
      "backgroundColor": "transparent",
    }
  }
/>
`;
