// Jest Snapshot v1, https://goo.gl/fbAQLP

exports[`THEME COMPONENT should render 1`] = `
<div
  className="button"
>
  <div
    className="iconDiv"
    onClick={[Function]}
    title="System Theme"
  />
</div>
`;

exports[`THEMEPROVIDER COMPONENT renders correctly 1`] = `null`;
