// Vitest Snapshot v1, https://vitest.dev/guide/snapshot.html

exports[`CARD COMPONENT > renders correctly 1`] = `
<DocumentFragment>
  <div
    class="shadow-2xl rounded-2xl transition ease-in-out duration-200 bg-gray-300 dark:bg-neutral-600 text-black dark:text-white w-full h-full z-20 dark:shadow-neutral-800"
  >
    Test
  </div>
</DocumentFragment>
`;
